[lightdock3_setup] INFO: Ignoring OXT atoms
[lightdock3_setup] INFO: Ignoring Hydrogen atoms
[lightdock3_setup] INFO: Ignoring water
[lightdock3_setup] INFO: Reading structure from 2UUY_rec.pdb PDB file...
[lightdock3_setup] INFO: 1628 atoms, 223 residues read.
[lightdock3_setup] INFO: Ignoring OXT atoms
[lightdock3_setup] INFO: Ignoring Hydrogen atoms
[lightdock3_setup] INFO: Ignoring water
[lightdock3_setup] INFO: Reading structure from 2UUY_lig.pdb PDB file...
[lightdock3_setup] INFO: 415 atoms, 55 residues read.
[lightdock3_setup] INFO: Calculating reference points for receptor 2UUY_rec.pdb...
[lightdock3_setup] INFO: Reference points for receptor found, skipping
[lightdock3_setup] INFO: Done.
[lightdock3_setup] INFO: Calculating reference points for ligand 2UUY_lig.pdb...
[lightdock3_setup] INFO: Reference points for ligand found, skipping
[lightdock3_setup] INFO: Done.
[lightdock3_setup] INFO: Saving processed structure to PDB file...
[lightdock3_setup] INFO: Done.
[lightdock3_setup] INFO: Saving processed structure to PDB file...
[lightdock3_setup] INFO: Done.
[lightdock3_setup] INFO: Calculating ANM for receptor molecule...
[lightdock3_setup] INFO: 10 normal modes calculated
[lightdock3_setup] INFO: Calculating ANM for ligand molecule...
[lightdock3_setup] INFO: 10 normal modes calculated
[lightdock3_setup] INFO: Reading restraints from restraints.list
[lightdock3_setup] INFO: Number of receptor restraints is: 2 (active), 1 (passive)
[lightdock3_setup] INFO: Number of ligand restraints is: 1 (active), 2 (passive)
[lightdock3_setup] INFO: Calculating starting positions...
[lightdock3_setup] INFO: Generated 19 positions files
[lightdock3_setup] INFO: Done.
[lightdock3_setup] INFO: Number of calculated swarms is 19
[lightdock3_setup] INFO: Preparing environment
[lightdock3_setup] INFO: Done.
[lightdock3_setup] INFO: LightDock setup OK
